// Jest Snapshot v1, https://goo.gl/fbAQLP

exports[`Layout component renders 1`] = `
<div>
  <header>
    <div
      className="ant-row"
      style={Object {}}
    >
      <div
        className="ant-col d-flex ant-col-sm-24"
        style={Object {}}
      >
        <img
          alt="XM Logo"
          height="39"
          src="logo.svg"
          width="147.88px"
        />
        <small
          className={[Function]}
        >
          task
        </small>
      </div>
    </div>
  </header>
  <main>
    <p>
      loading...
    </p>
  </main>
</div>
`;

exports[`Layout component renders 2`] = `
<div>
  <header>
    <div
      className="ant-row"
      style={Object {}}
    >
      <div
        className="ant-col d-flex ant-col-sm-24"
        style={Object {}}
      >
        <img
          alt="XM Logo"
          height="39"
          src="logo.svg"
          width="147.88px"
        />
        <small
          className={[Function]}
        >
          task
        </small>
      </div>
    </div>
  </header>
  <main>
    <p>
      loading...
    </p>
  </main>
</div>
`;

exports[`Layout component renders 3`] = `
<div>
  <header>
    <div
      className="ant-row"
      style={Object {}}
    >
      <div
        className="ant-col d-flex ant-col-sm-24"
        style={Object {}}
      >
        <img
          alt="XM Logo"
          height="39"
          src="logo.svg"
          width="147.88px"
        />
        <small
          className={[Function]}
        >
          task
        </small>
      </div>
    </div>
  </header>
  <main>
    <p>
      loading...
    </p>
  </main>
</div>
`;
